AR shifter behavioral C:/Users/jdparry/Downloads/FUCKYEAHBITCHES!!!/FinalCordic/Shifter.vhd sub00/vhpl14 1406673888
EN multiplexeroutput NULL C:/Users/jdparry/Downloads/FUCKYEAHBITCHES!!!/FinalCordic/MultiplexerOutput.vhd sub00/vhpl27 1406673901
AR parallel_2_serial behavioral C:/Users/jdparry/Downloads/FUCKYEAHBITCHES!!!/FinalCordic/parallel_2_serial.vhd sub00/vhpl36 1406673910
EN slow_clk NULL C:/Users/jdparry/Downloads/FUCKYEAHBITCHES!!!/FinalCordic/slow_clk.vhd sub00/vhpl03 1406673877
AR uart uart C:/Users/jdparry/Downloads/FUCKYEAHBITCHES!!!/FinalCordic/uart.vhd sub00/vhpl10 1406673884
AR slow_clk slow_clk C:/Users/jdparry/Downloads/FUCKYEAHBITCHES!!!/FinalCordic/slow_clk.vhd sub00/vhpl04 1406673878
EN multiplexerinput NULL C:/Users/jdparry/Downloads/FUCKYEAHBITCHES!!!/FinalCordic/MultiplexerInput.vhd sub00/vhpl25 1406673899
AR alu behavioral C:/Users/jdparry/Downloads/FUCKYEAHBITCHES!!!/FinalCordic/ALU.vhf sub00/vhpl40 1406673914
EN cordic_uar_1 NULL C:/Users/jdparry/Downloads/FUCKYEAHBITCHES!!!/FinalCordic/Cordic_UAR_1.vhd sub00/vhpl37 1406673911
AR serialtx behavioral C:/Users/jdparry/Downloads/FUCKYEAHBITCHES!!!/FinalCordic/SerialTx.vhd sub00/vhpl02 1406673876
AR neg behavioral C:/Users/jdparry/Downloads/FUCKYEAHBITCHES!!!/FinalCordic/XOR.vhd sub00/vhpl16 1406673890
AR cordic_uar_1 behavioral C:/Users/jdparry/Downloads/FUCKYEAHBITCHES!!!/FinalCordic/Cordic_UAR_1.vhd sub00/vhpl38 1406673912
AR alu_muser_systemschematic behavioral C:/Users/jdparry/Downloads/FUCKYEAHBITCHES!!!/FinalCordic/SystemSchematic.vhf sub00/vhpl32 1406673906
EN serialtx NULL C:/Users/jdparry/Downloads/FUCKYEAHBITCHES!!!/FinalCordic/SerialTx.vhd sub00/vhpl01 1406673875
AR registerbank behavioral C:/Users/jdparry/Downloads/FUCKYEAHBITCHES!!!/FinalCordic/RegisterBank.vhd sub00/vhpl30 1406673904
AR comparator behavioral C:/Users/jdparry/Downloads/FUCKYEAHBITCHES!!!/FinalCordic/Comparator.vhd sub00/vhpl20 1406673894
EN neg NULL C:/Users/jdparry/Downloads/FUCKYEAHBITCHES!!!/FinalCordic/XOR.vhd sub00/vhpl15 1406673889
AR addsub behavioral C:/Users/jdparry/Downloads/FUCKYEAHBITCHES!!!/FinalCordic/AddSub.vhd sub00/vhpl12 1406673886
EN shifter NULL C:/Users/jdparry/Downloads/FUCKYEAHBITCHES!!!/FinalCordic/Shifter.vhd sub00/vhpl13 1406673887
EN parallel_2_serial NULL C:/Users/jdparry/Downloads/FUCKYEAHBITCHES!!!/FinalCordic/parallel_2_serial.vhd sub00/vhpl35 1406673909
PH cordic_package NULL C:/Users/jdparry/Downloads/FUCKYEAHBITCHES!!!/FinalCordic/cordic_package.vhd sub00/vhpl00 1406673874
EN systemschematic NULL C:/Users/jdparry/Downloads/FUCKYEAHBITCHES!!!/FinalCordic/SystemSchematic.vhf sub00/vhpl33 1406673907
AR controller behavioral C:/Users/jdparry/Downloads/FUCKYEAHBITCHES!!!/FinalCordic/Controller.vhd sub00/vhpl22 1406673896
AR multiplexeroutput behavioral C:/Users/jdparry/Downloads/FUCKYEAHBITCHES!!!/FinalCordic/MultiplexerOutput.vhd sub00/vhpl28 1406673902
AR multiplexerinput behavioral C:/Users/jdparry/Downloads/FUCKYEAHBITCHES!!!/FinalCordic/MultiplexerInput.vhd sub00/vhpl26 1406673900
EN addsub NULL C:/Users/jdparry/Downloads/FUCKYEAHBITCHES!!!/FinalCordic/AddSub.vhd sub00/vhpl11 1406673885
AR ascii behavioral C:/Users/jdparry/Downloads/FUCKYEAHBITCHES!!!/FinalCordic/ascii.vhd sub00/vhpl08 1406673882
EN ascii NULL C:/Users/jdparry/Downloads/FUCKYEAHBITCHES!!!/FinalCordic/ascii.vhd sub00/vhpl07 1406673881
AR send_data behavioral C:/Users/jdparry/Downloads/FUCKYEAHBITCHES!!!/FinalCordic/send_data.vhd sub00/vhpl06 1406673880
AR lookup_table behavioral C:/Users/jdparry/Downloads/FUCKYEAHBITCHES!!!/FinalCordic/Lookup_Table.vhd sub00/vhpl24 1406673898
EN alu_muser_systemschematic NULL C:/Users/jdparry/Downloads/FUCKYEAHBITCHES!!!/FinalCordic/SystemSchematic.vhf sub00/vhpl31 1406673905
AR systemschematic behavioral C:/Users/jdparry/Downloads/FUCKYEAHBITCHES!!!/FinalCordic/SystemSchematic.vhf sub00/vhpl34 1406673908
EN x_addsub NULL C:/Users/jdparry/Downloads/FUCKYEAHBITCHES!!!/FinalCordic/X_AddSub.vhd sub00/vhpl17 1406673891
EN registerbank NULL C:/Users/jdparry/Downloads/FUCKYEAHBITCHES!!!/FinalCordic/RegisterBank.vhd sub00/vhpl29 1406673903
EN comparator NULL C:/Users/jdparry/Downloads/FUCKYEAHBITCHES!!!/FinalCordic/Comparator.vhd sub00/vhpl19 1406673893
EN controller NULL C:/Users/jdparry/Downloads/FUCKYEAHBITCHES!!!/FinalCordic/Controller.vhd sub00/vhpl21 1406673895
EN uart NULL C:/Users/jdparry/Downloads/FUCKYEAHBITCHES!!!/FinalCordic/uart.vhd sub00/vhpl09 1406673883
AR x_addsub behavioral C:/Users/jdparry/Downloads/FUCKYEAHBITCHES!!!/FinalCordic/X_AddSub.vhd sub00/vhpl18 1406673892
EN lookup_table NULL C:/Users/jdparry/Downloads/FUCKYEAHBITCHES!!!/FinalCordic/Lookup_Table.vhd sub00/vhpl23 1406673897
EN alu NULL C:/Users/jdparry/Downloads/FUCKYEAHBITCHES!!!/FinalCordic/ALU.vhf sub00/vhpl39 1406673913
EN send_data NULL C:/Users/jdparry/Downloads/FUCKYEAHBITCHES!!!/FinalCordic/send_data.vhd sub00/vhpl05 1406673879
