V3 141
FL "C:/Users/jdparry/Downloads/FinalCordic w UART1/FinalCordic/AddSub.vhd" 2014/07/23.12:17:29 O.87xd
FL "C:/Users/jdparry/Downloads/FinalCordic w UART1/FinalCordic/ALU.vhf" 2014/07/23.14:54:46 O.87xd
FL "C:/Users/jdparry/Downloads/FinalCordic w UART1/FinalCordic/ascii.vhd" 2014/07/23.12:17:29 O.87xd
FL "C:/Users/jdparry/Downloads/FinalCordic w UART1/FinalCordic/Comparator.vhd" 2014/07/23.12:17:29 O.87xd
FL "C:/Users/jdparry/Downloads/FinalCordic w UART1/FinalCordic/Controller.vhd" 2014/07/23.12:17:30 O.87xd
FL "C:/Users/jdparry/Downloads/FinalCordic w UART1/FinalCordic/cordic_package.vhd" 2014/07/23.12:17:30 O.87xd
FL "C:/Users/jdparry/Downloads/FinalCordic w UART1/FinalCordic/Cordic_UAR_1.vhd" 2014/07/23.16:37:20 O.87xd
FL "C:/Users/jdparry/Downloads/FinalCordic w UART1/FinalCordic/Lookup_Table.vhd" 2014/07/23.12:17:30 O.87xd
FL "C:/Users/jdparry/Downloads/FinalCordic w UART1/FinalCordic/MultiplexerInput.vhd" 2014/07/23.12:17:30 O.87xd
FL "C:/Users/jdparry/Downloads/FinalCordic w UART1/FinalCordic/MultiplexerOutput.vhd" 2014/07/23.16:04:28 O.87xd
FL "C:/Users/jdparry/Downloads/FinalCordic w UART1/FinalCordic/parallel_2_serial.vhd" 2014/07/23.16:38:33 O.87xd
FL "C:/Users/jdparry/Downloads/FinalCordic w UART1/FinalCordic/RegisterBank.vhd" 2014/07/23.12:17:31 O.87xd
FL "C:/Users/jdparry/Downloads/FinalCordic w UART1/FinalCordic/send_data.vhd" 2014/07/23.12:17:31 O.87xd
FL "C:/Users/jdparry/Downloads/FinalCordic w UART1/FinalCordic/SerialTx.vhd" 2014/07/23.12:17:31 O.87xd
FL "C:/Users/jdparry/Downloads/FinalCordic w UART1/FinalCordic/Shifter.vhd" 2014/07/23.12:17:31 O.87xd
FL "C:/Users/jdparry/Downloads/FinalCordic w UART1/FinalCordic/slow_clk.vhd" 2014/07/23.12:17:31 O.87xd
FL "C:/Users/jdparry/Downloads/FinalCordic w UART1/FinalCordic/SystemSchematic.vhf" 2014/07/23.14:54:46 O.87xd
FL "C:/Users/jdparry/Downloads/FinalCordic w UART1/FinalCordic/uart.vhd" 2014/07/23.12:17:31 O.87xd
FL "C:/Users/jdparry/Downloads/FinalCordic w UART1/FinalCordic/XOR.vhd" 2014/07/23.12:17:31 O.87xd
FL "C:/Users/jdparry/Downloads/FinalCordic w UART1/FinalCordic/X_AddSub.vhd" 2014/07/23.12:17:31 O.87xd
FL C:/Users/jdparry/Downloads/FinalCordicFinal/FinalCordic/AddSub.vhd 2014/07/24.12:53:30 O.87xd
FL C:/Users/jdparry/Downloads/FinalCordicFinal/FinalCordic/ALU.vhf 2014/07/24.12:55:19 O.87xd
FL C:/Users/jdparry/Downloads/FinalCordicFinal/FinalCordic/ascii.vhd 2014/07/24.12:53:31 O.87xd
FL C:/Users/jdparry/Downloads/FinalCordicFinal/FinalCordic/Comparator.vhd 2014/07/24.12:53:31 O.87xd
FL C:/Users/jdparry/Downloads/FinalCordicFinal/FinalCordic/Controller.vhd 2014/07/24.16:39:06 O.87xd
FL C:/Users/jdparry/Downloads/FinalCordicFinal/FinalCordic/cordic_package.vhd 2014/07/24.12:53:32 O.87xd
FL C:/Users/jdparry/Downloads/FinalCordicFinal/FinalCordic/Cordic_UAR_1.vhd 2014/07/24.17:21:06 O.87xd
FL C:/Users/jdparry/Downloads/FinalCordicFinal/FinalCordic/Lookup_Table.vhd 2014/07/24.12:53:33 O.87xd
FL C:/Users/jdparry/Downloads/FinalCordicFinal/FinalCordic/MultiplexerInput.vhd 2014/07/24.12:53:33 O.87xd
FL C:/Users/jdparry/Downloads/FinalCordicFinal/FinalCordic/MultiplexerOutput.vhd 2014/07/24.12:53:33 O.87xd
FL C:/Users/jdparry/Downloads/FinalCordicFinal/FinalCordic/parallel_2_serial.vhd 2014/07/24.15:43:29 O.87xd
FL C:/Users/jdparry/Downloads/FinalCordicFinal/FinalCordic/RegisterBank.vhd 2014/07/24.12:53:33 O.87xd
FL C:/Users/jdparry/Downloads/FinalCordicFinal/FinalCordic/send_data.vhd 2014/07/24.12:53:34 O.87xd
FL C:/Users/jdparry/Downloads/FinalCordicFinal/FinalCordic/SerialTx.vhd 2014/07/24.12:53:34 O.87xd
FL C:/Users/jdparry/Downloads/FinalCordicFinal/FinalCordic/Shifter.vhd 2014/07/24.12:53:34 O.87xd
FL C:/Users/jdparry/Downloads/FinalCordicFinal/FinalCordic/slow_clk.vhd 2014/07/24.12:53:34 O.87xd
FL C:/Users/jdparry/Downloads/FinalCordicFinal/FinalCordic/SystemSchematic.vhf 2014/07/24.16:53:53 O.87xd
FL C:/Users/jdparry/Downloads/FinalCordicFinal/FinalCordic/uart.vhd 2014/07/24.12:53:34 O.87xd
FL C:/Users/jdparry/Downloads/FinalCordicFinal/FinalCordic/XOR.vhd 2014/07/24.12:53:34 O.87xd
FL C:/Users/jdparry/Downloads/FinalCordicFinal/FinalCordic/X_AddSub.vhd 2014/07/24.12:53:34 O.87xd
FL C:/Users/jdparry/Downloads/FUCKYEAHBITCHES!!!/FinalCordic/AddSub.vhd 2014/07/29.15:32:39 O.87xd
EN work/AddSub 1406673885 \
      FL C:/Users/jdparry/Downloads/FUCKYEAHBITCHES!!!/FinalCordic/AddSub.vhd \
      PB ieee/std_logic_1164 1325952872 PB ieee/NUMERIC_STD 1325952877 \
      PB ieee/std_logic_arith 1325952873 PB ieee/STD_LOGIC_UNSIGNED 1325952875
AR work/AddSub/Behavioral 1406673886 \
      FL C:/Users/jdparry/Downloads/FUCKYEAHBITCHES!!!/FinalCordic/AddSub.vhd \
      EN work/AddSub 1406673885
FL C:/Users/jdparry/Downloads/FUCKYEAHBITCHES!!!/FinalCordic/ALU.vhf 2014/07/29.15:44:28 O.87xd
EN work/ALU 1406673913 \
      FL C:/Users/jdparry/Downloads/FUCKYEAHBITCHES!!!/FinalCordic/ALU.vhf \
      PB ieee/std_logic_1164 1325952872 PB ieee/NUMERIC_STD 1325952877 LB UNISIM \
      PH unisim/VCOMPONENTS 1325952880
AR work/ALU/BEHAVIORAL 1406673914 \
      FL C:/Users/jdparry/Downloads/FUCKYEAHBITCHES!!!/FinalCordic/ALU.vhf \
      EN work/ALU 1406673913 CP AddSub CP Shifter CP Neg CP INV CP X_AddSub
FL C:/Users/jdparry/Downloads/FUCKYEAHBITCHES!!!/FinalCordic/ascii.vhd 2014/07/29.15:32:39 O.87xd
EN work/ascii 1406673881 \
      FL C:/Users/jdparry/Downloads/FUCKYEAHBITCHES!!!/FinalCordic/ascii.vhd \
      PB ieee/std_logic_1164 1325952872 PH work/cordic_package 1406673874
AR work/ascii/Behavioral 1406673882 \
      FL C:/Users/jdparry/Downloads/FUCKYEAHBITCHES!!!/FinalCordic/ascii.vhd \
      EN work/ascii 1406673881
FL C:/Users/jdparry/Downloads/FUCKYEAHBITCHES!!!/FinalCordic/Comparator.vhd 2014/07/29.15:32:39 O.87xd
EN work/Comparator 1406673893 \
      FL C:/Users/jdparry/Downloads/FUCKYEAHBITCHES!!!/FinalCordic/Comparator.vhd \
      PB ieee/std_logic_1164 1325952872
AR work/Comparator/Behavioral 1406673894 \
      FL C:/Users/jdparry/Downloads/FUCKYEAHBITCHES!!!/FinalCordic/Comparator.vhd \
      EN work/Comparator 1406673893
FL C:/Users/jdparry/Downloads/FUCKYEAHBITCHES!!!/FinalCordic/Controller.vhd 2014/07/29.15:32:39 O.87xd
EN work/Controller 1406673895 \
      FL C:/Users/jdparry/Downloads/FUCKYEAHBITCHES!!!/FinalCordic/Controller.vhd \
      PB ieee/std_logic_1164 1325952872 PB ieee/NUMERIC_STD 1325952877
AR work/Controller/Behavioral 1406673896 \
      FL C:/Users/jdparry/Downloads/FUCKYEAHBITCHES!!!/FinalCordic/Controller.vhd \
      EN work/Controller 1406673895
FL C:/Users/jdparry/Downloads/FUCKYEAHBITCHES!!!/FinalCordic/cordic_package.vhd 2014/07/29.15:32:40 O.87xd
PH work/cordic_package 1406673874 \
      FL C:/Users/jdparry/Downloads/FUCKYEAHBITCHES!!!/FinalCordic/cordic_package.vhd \
      PB ieee/std_logic_1164 1325952872
FL C:/Users/jdparry/Downloads/FUCKYEAHBITCHES!!!/FinalCordic/Cordic_UAR_1.vhd 2014/07/29.15:32:40 O.87xd
EN work/Cordic_UAR_1 1406673911 \
      FL C:/Users/jdparry/Downloads/FUCKYEAHBITCHES!!!/FinalCordic/Cordic_UAR_1.vhd \
      PB ieee/std_logic_1164 1325952872 PB ieee/NUMERIC_STD 1325952877 LB UNISIM \
      PH unisim/VCOMPONENTS 1325952880 PH work/cordic_package 1406673874
AR work/Cordic_UAR_1/Behavioral 1406673912 \
      FL C:/Users/jdparry/Downloads/FUCKYEAHBITCHES!!!/FinalCordic/Cordic_UAR_1.vhd \
      EN work/Cordic_UAR_1 1406673911 CP SystemSchematic CP parallel_2_serial
FL C:/Users/jdparry/Downloads/FUCKYEAHBITCHES!!!/FinalCordic/Lookup_Table.vhd 2014/07/29.15:32:41 O.87xd
EN work/Lookup_Table 1406673897 \
      FL C:/Users/jdparry/Downloads/FUCKYEAHBITCHES!!!/FinalCordic/Lookup_Table.vhd \
      PB ieee/std_logic_1164 1325952872 PB ieee/STD_LOGIC_UNSIGNED 1325952875
AR work/Lookup_Table/Behavioral 1406673898 \
      FL C:/Users/jdparry/Downloads/FUCKYEAHBITCHES!!!/FinalCordic/Lookup_Table.vhd \
      EN work/Lookup_Table 1406673897
FL C:/Users/jdparry/Downloads/FUCKYEAHBITCHES!!!/FinalCordic/MultiplexerInput.vhd 2014/07/29.15:32:41 O.87xd
EN work/MultiplexerInput 1406673899 \
      FL C:/Users/jdparry/Downloads/FUCKYEAHBITCHES!!!/FinalCordic/MultiplexerInput.vhd \
      PB ieee/std_logic_1164 1325952872 PB ieee/STD_LOGIC_UNSIGNED 1325952875
AR work/MultiplexerInput/Behavioral 1406673900 \
      FL C:/Users/jdparry/Downloads/FUCKYEAHBITCHES!!!/FinalCordic/MultiplexerInput.vhd \
      EN work/MultiplexerInput 1406673899
FL C:/Users/jdparry/Downloads/FUCKYEAHBITCHES!!!/FinalCordic/MultiplexerOutput.vhd 2014/07/29.15:32:41 O.87xd
EN work/MultiplexerOutput 1406673901 \
      FL C:/Users/jdparry/Downloads/FUCKYEAHBITCHES!!!/FinalCordic/MultiplexerOutput.vhd \
      PB ieee/std_logic_1164 1325952872 PB ieee/STD_LOGIC_UNSIGNED 1325952875
AR work/MultiplexerOutput/Behavioral 1406673902 \
      FL C:/Users/jdparry/Downloads/FUCKYEAHBITCHES!!!/FinalCordic/MultiplexerOutput.vhd \
      EN work/MultiplexerOutput 1406673901
FL C:/Users/jdparry/Downloads/FUCKYEAHBITCHES!!!/FinalCordic/parallel_2_serial.vhd 2014/07/29.15:32:41 O.87xd
EN work/parallel_2_serial 1406673909 \
      FL C:/Users/jdparry/Downloads/FUCKYEAHBITCHES!!!/FinalCordic/parallel_2_serial.vhd \
      PB ieee/std_logic_1164 1325952872 PH work/cordic_package 1406673874
AR work/parallel_2_serial/Behavioral 1406673910 \
      FL C:/Users/jdparry/Downloads/FUCKYEAHBITCHES!!!/FinalCordic/parallel_2_serial.vhd \
      EN work/parallel_2_serial 1406673909 CP send_data CP ascii CP uart
FL C:/Users/jdparry/Downloads/FUCKYEAHBITCHES!!!/FinalCordic/RegisterBank.vhd 2014/07/29.15:32:41 O.87xd
EN work/RegisterBank 1406673903 \
      FL C:/Users/jdparry/Downloads/FUCKYEAHBITCHES!!!/FinalCordic/RegisterBank.vhd \
      PB ieee/std_logic_1164 1325952872
AR work/RegisterBank/Behavioral 1406673904 \
      FL C:/Users/jdparry/Downloads/FUCKYEAHBITCHES!!!/FinalCordic/RegisterBank.vhd \
      EN work/RegisterBank 1406673903
FL C:/Users/jdparry/Downloads/FUCKYEAHBITCHES!!!/FinalCordic/send_data.vhd 2014/07/29.15:32:42 O.87xd
EN work/send_data 1406673879 \
      FL C:/Users/jdparry/Downloads/FUCKYEAHBITCHES!!!/FinalCordic/send_data.vhd \
      PB ieee/std_logic_1164 1325952872 PH work/cordic_package 1406673874
AR work/send_data/Behavioral 1406673880 \
      FL C:/Users/jdparry/Downloads/FUCKYEAHBITCHES!!!/FinalCordic/send_data.vhd \
      EN work/send_data 1406673879
FL C:/Users/jdparry/Downloads/FUCKYEAHBITCHES!!!/FinalCordic/SerialTx.vhd 2014/07/29.15:32:42 O.87xd
EN work/serialTx 1406673875 \
      FL C:/Users/jdparry/Downloads/FUCKYEAHBITCHES!!!/FinalCordic/SerialTx.vhd \
      PB ieee/std_logic_1164 1325952872 PH work/cordic_package 1406673874
AR work/SerialTx/Behavioral 1406673876 \
      FL C:/Users/jdparry/Downloads/FUCKYEAHBITCHES!!!/FinalCordic/SerialTx.vhd \
      EN work/serialTx 1406673875
FL C:/Users/jdparry/Downloads/FUCKYEAHBITCHES!!!/FinalCordic/Shifter.vhd 2014/07/29.15:32:42 O.87xd
EN work/Shifter 1406673887 \
      FL C:/Users/jdparry/Downloads/FUCKYEAHBITCHES!!!/FinalCordic/Shifter.vhd \
      PB ieee/std_logic_1164 1325952872 PB ieee/NUMERIC_STD 1325952877
AR work/Shifter/Behavioral 1406673888 \
      FL C:/Users/jdparry/Downloads/FUCKYEAHBITCHES!!!/FinalCordic/Shifter.vhd \
      EN work/Shifter 1406673887
FL C:/Users/jdparry/Downloads/FUCKYEAHBITCHES!!!/FinalCordic/slow_clk.vhd 2014/07/29.15:32:42 O.87xd
EN work/slow_clk 1406673877 \
      FL C:/Users/jdparry/Downloads/FUCKYEAHBITCHES!!!/FinalCordic/slow_clk.vhd \
      PB ieee/std_logic_1164 1325952872
AR work/slow_clk/slow_clk 1406673878 \
      FL C:/Users/jdparry/Downloads/FUCKYEAHBITCHES!!!/FinalCordic/slow_clk.vhd \
      EN work/slow_clk 1406673877
FL C:/Users/jdparry/Downloads/FUCKYEAHBITCHES!!!/FinalCordic/SystemSchematic.vhf 2014/07/29.15:44:29 O.87xd
EN work/ALU_MUSER_SystemSchematic 1406673905 \
      FL C:/Users/jdparry/Downloads/FUCKYEAHBITCHES!!!/FinalCordic/SystemSchematic.vhf \
      PB ieee/std_logic_1164 1325952872 PB ieee/NUMERIC_STD 1325952877 LB UNISIM \
      PH unisim/VCOMPONENTS 1325952880
AR work/ALU_MUSER_SystemSchematic/BEHAVIORAL 1406673906 \
      FL C:/Users/jdparry/Downloads/FUCKYEAHBITCHES!!!/FinalCordic/SystemSchematic.vhf \
      EN work/ALU_MUSER_SystemSchematic 1406673905 CP AddSub CP Shifter CP Neg \
      CP INV CP X_AddSub
EN work/SystemSchematic 1406673907 \
      FL C:/Users/jdparry/Downloads/FUCKYEAHBITCHES!!!/FinalCordic/SystemSchematic.vhf \
      PB ieee/std_logic_1164 1325952872 PB ieee/NUMERIC_STD 1325952877 LB UNISIM \
      PH unisim/VCOMPONENTS 1325952880
AR work/SystemSchematic/BEHAVIORAL 1406673908 \
      FL C:/Users/jdparry/Downloads/FUCKYEAHBITCHES!!!/FinalCordic/SystemSchematic.vhf \
      EN work/SystemSchematic 1406673907 CP ALU_MUSER_SystemSchematic \
      CP Comparator CP Controller CP Lookup_Table CP MultiplexerInput \
      CP MultiplexerOutput CP RegisterBank
FL C:/Users/jdparry/Downloads/FUCKYEAHBITCHES!!!/FinalCordic/uart.vhd 2014/07/29.15:32:42 O.87xd
EN work/uart 1406673883 \
      FL C:/Users/jdparry/Downloads/FUCKYEAHBITCHES!!!/FinalCordic/uart.vhd \
      PB ieee/std_logic_1164 1325952872 PH work/cordic_package 1406673874
AR work/uart/uart 1406673884 \
      FL C:/Users/jdparry/Downloads/FUCKYEAHBITCHES!!!/FinalCordic/uart.vhd \
      EN work/uart 1406673883 CP serialTx CP slow_clk
FL C:/Users/jdparry/Downloads/FUCKYEAHBITCHES!!!/FinalCordic/XOR.vhd 2014/07/29.15:32:42 O.87xd
EN work/Neg 1406673889 \
      FL C:/Users/jdparry/Downloads/FUCKYEAHBITCHES!!!/FinalCordic/XOR.vhd \
      PB ieee/std_logic_1164 1325952872
AR work/Neg/Behavioral 1406673890 \
      FL C:/Users/jdparry/Downloads/FUCKYEAHBITCHES!!!/FinalCordic/XOR.vhd \
      EN work/Neg 1406673889
FL C:/Users/jdparry/Downloads/FUCKYEAHBITCHES!!!/FinalCordic/X_AddSub.vhd 2014/07/29.15:32:42 O.87xd
EN work/X_AddSub 1406673891 \
      FL C:/Users/jdparry/Downloads/FUCKYEAHBITCHES!!!/FinalCordic/X_AddSub.vhd \
      PB ieee/std_logic_1164 1325952872 PB ieee/NUMERIC_STD 1325952877 \
      PB ieee/std_logic_arith 1325952873 PB ieee/STD_LOGIC_UNSIGNED 1325952875
AR work/X_AddSub/Behavioral 1406673892 \
      FL C:/Users/jdparry/Downloads/FUCKYEAHBITCHES!!!/FinalCordic/X_AddSub.vhd \
      EN work/X_AddSub 1406673891
FL C:/Users/kloftis/Downloads/FinalCordic1/FinalCordic/AddSub.vhd 2014/07/25.09:50:59 O.87xd
FL C:/Users/kloftis/Downloads/FinalCordic1/FinalCordic/ALU.vhf 2014/07/25.09:53:51 O.87xd
FL C:/Users/kloftis/Downloads/FinalCordic1/FinalCordic/ascii.vhd 2014/07/25.09:50:59 O.87xd
FL C:/Users/kloftis/Downloads/FinalCordic1/FinalCordic/Comparator.vhd 2014/07/25.09:50:59 O.87xd
FL C:/Users/kloftis/Downloads/FinalCordic1/FinalCordic/Controller.vhd 2014/07/25.12:06:07 O.87xd
FL C:/Users/kloftis/Downloads/FinalCordic1/FinalCordic/cordic_package.vhd 2014/07/25.09:50:59 O.87xd
FL C:/Users/kloftis/Downloads/FinalCordic1/FinalCordic/Cordic_UAR_1.vhd 2014/07/25.11:59:02 O.87xd
FL C:/Users/kloftis/Downloads/FinalCordic1/FinalCordic/Lookup_Table.vhd 2014/07/25.09:51:01 O.87xd
FL C:/Users/kloftis/Downloads/FinalCordic1/FinalCordic/MultiplexerInput.vhd 2014/07/25.09:51:01 O.87xd
FL C:/Users/kloftis/Downloads/FinalCordic1/FinalCordic/MultiplexerOutput.vhd 2014/07/25.09:51:01 O.87xd
FL C:/Users/kloftis/Downloads/FinalCordic1/FinalCordic/parallel_2_serial.vhd 2014/07/25.09:51:01 O.87xd
FL C:/Users/kloftis/Downloads/FinalCordic1/FinalCordic/RegisterBank.vhd 2014/07/25.09:51:02 O.87xd
FL C:/Users/kloftis/Downloads/FinalCordic1/FinalCordic/send_data.vhd 2014/07/25.09:51:02 O.87xd
FL C:/Users/kloftis/Downloads/FinalCordic1/FinalCordic/SerialTx.vhd 2014/07/25.09:51:02 O.87xd
FL C:/Users/kloftis/Downloads/FinalCordic1/FinalCordic/Shifter.vhd 2014/07/25.09:51:02 O.87xd
FL C:/Users/kloftis/Downloads/FinalCordic1/FinalCordic/slow_clk.vhd 2014/07/25.09:51:02 O.87xd
FL C:/Users/kloftis/Downloads/FinalCordic1/FinalCordic/SystemSchematic.vhf 2014/07/25.09:53:52 O.87xd
FL C:/Users/kloftis/Downloads/FinalCordic1/FinalCordic/uart.vhd 2014/07/25.09:51:02 O.87xd
FL C:/Users/kloftis/Downloads/FinalCordic1/FinalCordic/XOR.vhd 2014/07/25.09:51:03 O.87xd
FL C:/Users/kloftis/Downloads/FinalCordic1/FinalCordic/X_AddSub.vhd 2014/07/25.09:51:03 O.87xd
