V3 9
FL /home/jdparry/SENG440-UVIC-CORDIC/verilog-project/FinalCordic/Combiner.vhd 2014/07/30.14:23:49 O.87xd
EN work/Combiner 1406755857 \
      FL /home/jdparry/SENG440-UVIC-CORDIC/verilog-project/FinalCordic/Combiner.vhd \
      PB ieee/std_logic_1164 1325952872
AR work/Combiner/Behavioral 1406755858 \
      FL /home/jdparry/SENG440-UVIC-CORDIC/verilog-project/FinalCordic/Combiner.vhd \
      EN work/Combiner 1406755857
FL /home/jdparry/SENG440-UVIC-CORDIC/verilog-project/FinalCordic/Lookup_Table.vhd 2014/07/30.14:56:36 O.87xd
EN work/Lookup_Table 1406757400 \
      FL /home/jdparry/SENG440-UVIC-CORDIC/verilog-project/FinalCordic/Lookup_Table.vhd \
      PB ieee/std_logic_1164 1325952872
AR work/Lookup_Table/Behavioral 1406757401 \
      FL /home/jdparry/SENG440-UVIC-CORDIC/verilog-project/FinalCordic/Lookup_Table.vhd \
      EN work/Lookup_Table 1406757400
FL /home/jdparry/SENG440-UVIC-CORDIC/verilog-project/FinalCordic/Spliter.vhd 2014/07/30.14:06:42 O.87xd
EN work/Spliter 1406754419 \
      FL /home/jdparry/SENG440-UVIC-CORDIC/verilog-project/FinalCordic/Spliter.vhd \
      PB ieee/std_logic_1164 1325952872
AR work/Spliter/Behavioral 1406754420 \
      FL /home/jdparry/SENG440-UVIC-CORDIC/verilog-project/FinalCordic/Spliter.vhd \
      EN work/Spliter 1406754419
